// Jest Snapshot v1, https://goo.gl/fbAQLP

exports[`Boomerang should must pass the children\`s to component 1`] = `
<p>
  <h1>Hello World!</h1>
</p>
`;
